                                                self.metadatautils.process_method_on_list(self.win.clearProperty, self.all_window_props)
                                            AttributeError: 'MetadataUtils' object has no attribute 'process_method_on_list'
15:40:47.254 T:7152   ERROR: Skin Helper Service --> Exception in resources.lib.kodi_monitor ! --> 'MetadataUtils' object has no attribute 'process_method_on_list'
15:40:47.388 T:8512  NOTICE: CVideoPlayer::CloseFile()
15:40:47.388 T:8512  NOTICE: VideoPlayer: waiting for threads to exit
15:40:47.388 T:8512  NOTICE: VideoPlayer: finished waiting
15:40:47.388 T:8512  NOTICE: CVideoPlayer::CloseFile()
15:40:47.388 T:8512  NOTICE: VideoPlayer: waiting for threads to exit
15:40:47.388 T:8512  NOTICE: VideoPlayer: finished waiting
15:40:58.710 T:8512  NOTICE: VideoPlayer: Opening: http://ul.cdn584.net:8080/hls/j63jfly.m3u8?s=HG7hfhCkeD0CHqw6ZpZ-Eg&e=1544388056|User-Agent=Mozilla/5.0 (iPhone; CPU iPhone OS 10_3 like Mac OS X) AppleWebKit/602.1.50 (KHTML, like Gecko) CriOS/56.0.2924.75 Mobile/14E5239e Safari/602.1&Referer=http://whostreams.net/embed/j63jfly
15:40:58.710 T:8512 WARNING: CDVDMessageQueue(player)::Put MSGQ_NOT_INITIALIZED
15:40:58.781 T:6252  NOTICE: Creating InputStream
15:40:58.984 T:6252  NOTICE: Creating Demuxer
15:41:00.430 T:6252  NOTICE: Opening stream: 0 source: 256
15:41:00.430 T:6252  NOTICE: Creating video codec with codec id: 28
15:41:00.430 T:6252  NOTICE: CDVDVideoCodecFFmpeg::Open() Using codec: H.264 / AVC / MPEG-4 AVC / MPEG-4 part 10
15:41:00.430 T:6252  NOTICE: Creating video thread
15:41:00.431 T:6252  NOTICE: Opening stream: 1 source: 256
15:41:00.431 T:6252  NOTICE: Finding audio codec for: 86018
15:41:00.431 T:6376  NOTICE: running thread: video_thread
15:41:00.432 T:6252  NOTICE: Creating audio thread
15:41:00.434 T:3780  NOTICE: running thread: CVideoPlayerAudio::Process()
15:41:00.441 T:6376  NOTICE: CDVDVideoCodecFFmpeg::GetFormat - Creating DXVA(640x360)
15:41:00.445 T:3780  NOTICE: Creating audio stream (codec id: 86018, channels: 2, sample rate: 48000, no pass-through)
15:41:00.452 T:6376   ERROR: CDVDVideoCodecFFmpeg::Decode - avcodec_decode_video returned failure
15:41:00.476 T:7152   ERROR: Previous line repeats 2 times.
15:41:00.476 T:7152 WARNING: Skin Helper Service --> Traceback (most recent call last):
                                              File "C:\Users\szejk\AppData\Roaming\Kodi\addons\script.skin.helper.service\resources\lib\kodi_monitor.py", line 63, in onNotification
                                                self.reset_win_props()
                                              File "C:\Users\szejk\AppData\Roaming\Kodi\addons\script.skin.helper.service\resources\lib\kodi_monitor.py", line 129, in reset_win_props
                                                self.metadatautils.process_method_on_list(self.win.clearProperty, self.all_window_props)
                                            AttributeError: 'MetadataUtils' object has no attribute 'process_method_on_list'
15:41:00.476 T:7152   ERROR: Skin Helper Service --> Exception in resources.lib.kodi_monitor ! --> 'MetadataUtils' object has no attribute 'process_method_on_list'
15:41:00.564 T:6376   ERROR: CDVDVideoCodecFFmpeg::Decode - avcodec_decode_video returned failure
15:41:01.001 T:8512   ERROR: Previous line repeats 95 times.
15:41:01.002 T:8512  NOTICE: D3D: rendering method forced to DXVA processor
15:41:01.002 T:8512  NOTICE: DXVA::CProcessorHD::InitProcessor: Supported deinterlace methods: Blend:yes, Bob:yes, Adaptive:yes, MoComp:yes.
15:41:01.012 T:8512 WARNING: CWinRenderer::UpdateVideoFilter - chosen scaling method 1 is not supported by renderer
15:41:01.602 T:6376 WARNING: CRenderManager::WaitForBuffer - timeout waiting for buffer
15:41:02.696 T:6376 WARNING: Previous line repeats 2 times.
15:41:02.697 T:6376  NOTICE: CDVDVideoCodecFFmpeg::CDropControl: calculated diff time: 40000
15:41:03.201 T:6376 WARNING: CRenderManager::WaitForBuffer - timeout waiting for buffer
15:41:08.376 T:8512 WARNING: Previous line repeats 4 times.
15:41:08.376 T:8512  NOTICE: CVideoPlayer::CloseFile()
15:41:08.376 T:8512  NOTICE: VideoPlayer: waiting for threads to exit
15:41:08.386 T:6252  NOTICE: CVideoPlayer::OnExit()
15:41:08.386 T:6252  NOTICE: Closing stream player 1
15:41:08.386 T:6252  NOTICE: Waiting for audio thread to exit
15:41:08.389 T:3780  NOTICE: thread end: CVideoPlayerAudio::OnExit()
15:41:08.389 T:6252  NOTICE: Closing audio device
15:41:08.405 T:6252  NOTICE: Deleting audio codec
15:41:08.406 T:6252  NOTICE: Closing stream player 2
15:41:08.406 T:6252  NOTICE: waiting for video thread to exit
15:41:08.424 T:6376  NOTICE: thread end: video_thread
15:41:08.424 T:6252  NOTICE: deleting video codec
15:41:08.429 T:6252  NOTICE: DXVA::CDecoder::Close - closing decoder
15:41:08.429 T:6252  NOTICE: DXVA::Close - closing decoder context
15:41:08.431 T:8512  NOTICE: VideoPlayer: finished waiting
15:41:08.557 T:7152 WARNING: Skin Helper Service --> Traceback (most recent call last):
                                              File "C:\Users\szejk\AppData\Roaming\Kodi\addons\script.skin.helper.service\resources\lib\kodi_monitor.py", line 59, in onNotification
                                                self.reset_win_props()
                                              File "C:\Users\szejk\AppData\Roaming\Kodi\addons\script.skin.helper.service\resources\lib\kodi_monitor.py", line 129, in reset_win_props
                                                self.metadatautils.process_method_on_list(self.win.clearProperty, self.all_window_props)
                                            AttributeError: 'MetadataUtils' object has no attribute 'process_method_on_list'
15:41:08.557 T:7152   ERROR: Skin Helper Service --> Exception in resources.lib.kodi_monitor ! --> 'MetadataUtils' object has no attribute 'process_method_on_list'
15:41:08.662 T:8512  NOTICE: CVideoPlayer::CloseFile()
15:41:08.662 T:8512  NOTICE: VideoPlayer: waiting for threads to exit
15:41:08.662 T:8512  NOTICE: VideoPlayer: finished waiting
15:41:08.662 T:8512  NOTICE: CVideoPlayer::CloseFile()
15:41:08.662 T:8512  NOTICE: VideoPlayer: waiting for threads to exit
15:41:08.662 T:8512  NOTICE: VideoPlayer: finished waiting
15:41:09.201 T:11660   ERROR: CCurlFile::FillBuffer - Failed: Timeout was reached(28)
15:41:09.201 T:11660   ERROR: CCurlFile::Open failed with code 0 for http://127.0.0.1:8089/api/version.html
15:41:14.592 T:14784 WARNING: [FanFilm] Object Not Found : 404
15:41:15.044 T:9780 WARNING: Previous line repeats 2 times.
15:41:15.044 T:9780  NOTICE: metahandler: Initializing MetaHandlers version: 3.0.2
15:41:15.221 T:9780  NOTICE: metahandler: Loading sqlite3 as DB engine version: 3.10.2
15:41:16.585 T:9780   ERROR: metahandler: Error connecting to TMDB: HTTP Error 403: Forbidden
15:41:16.614 T:9780  NOTICE: metahandler: No SQLite rows requiring update
15:41:19.309 T:13716  NOTICE: metahandler: Initializing MetaHandlers version: 3.0.2
15:41:19.350 T:13716  NOTICE: metahandler: Loading sqlite3 as DB engine version: 3.10.2
15:41:19.607 T:13716   ERROR: metahandler: Error connecting to TMDB: HTTP Error 403: Forbidden
15:41:19.609 T:13716  NOTICE: metahandler: No SQLite rows requiring update
15:41:49.204 T:11660   ERROR: CCurlFile::FillBuffer - Failed: Timeout was reached(28)
15:41:49.204 T:11660   ERROR: CCurlFile::Open failed with code 0 for http://127.0.0.1:8089/api/version.html
15:41:53.960 T:2896   ERROR: CImageLoader::DoWork - Direct texture file loading failed for resource://resource.images.weathericons.default/
15:42:06.518 T:8512   ERROR: Previous line repeats 3 times.
15:42:06.518 T:8512   ERROR: XFILE::CDirectory::GetDirectory - Error getting return
15:42:06.518 T:8512   ERROR: CGUIMediaWindow::GetDirectory(return) failed
15:42:29.210 T:11660   ERROR: CCurlFile::FillBuffer - Failed: Timeout was reached(28)
15:42:29.210 T:11660   ERROR: CCurlFile::Open failed with code 0 for http://127.0.0.1:8089/api/version.html
15:42:43.980 T:14180 WARNING: Invalid media type "file"
15:43:09.216 T:11660 WARNING: Previous line repeats 6 times.
15:43:09.216 T:11660   ERROR: CCurlFile::FillBuffer - Failed: Timeout was reached(28)
15:43:09.216 T:11660   ERROR: CCurlFile::Open failed with code 0 for http://127.0.0.1:8089/api/version.html
15:43:49.222 T:11660   ERROR: CCurlFile::FillBuffer - Failed: Timeout was reached(28)
15:43:49.222 T:11660   ERROR: CCurlFile::Open failed with code 0 for http://127.0.0.1:8089/api/version.html
15:44:29.230 T:11660   ERROR: CCurlFile::FillBuffer - Failed: Timeout was reached(28)
15:44:29.230 T:11660   ERROR: CCurlFile::Open failed with code 0 for http://127.0.0.1:8089/api/version.html
15:44:44.329 T:2000   ERROR: AddOnLog: PVR IPTV Simple Client: Unable parse EPG XML: expected <
15:45:05.008 T:8512   ERROR: XFILE::CDirectory::GetDirectory - Error getting return
15:45:05.008 T:8512   ERROR: CGUIMediaWindow::GetDirectory(return) failed
15:45:09.237 T:11660   ERROR: CCurlFile::FillBuffer - Failed: Timeout was reached(28)
15:45:09.237 T:11660   ERROR: CCurlFile::Open failed with code 0 for http://127.0.0.1:8089/api/version.html
15:45:40.703 T:596   ERROR: CFFmpegImage::ExtractFrame: Could not decode a frame
15:45:49.244 T:11660   ERROR: Previous line repeats 2 times.
15:45:49.244 T:11660   ERROR: CCurlFile::FillBuffer - Failed: Timeout was reached(28)
15:45:49.244 T:11660   ERROR: CCurlFile::Open failed with code 0 for http://127.0.0.1:8089/api/version.html
15:45:52.458 T:12812   ERROR: CFFmpegImage::ExtractFrame: Could not decode a frame
15:46:24.198 T:8512   ERROR: Previous line repeats 6 times.
15:46:24.198 T:8512   ERROR: unmatched parentheses in String.Contains(ListItem.Mpaa,Rated: PG
15:46:29.243 T:11660   ERROR: CCurlFile::FillBuffer - Failed: Timeout was reached(28)
15:46:29.243 T:11660   ERROR: CCurlFile::Open failed with code 0 for http://127.0.0.1:8089/api/version.html
15:46:32.505 T:11644  NOTICE: ResolveURL: Initializing ResolveURL version: 6.3.4
15:47:03.021 T:14128  NOTICE: Previous line repeats 1 times.
15:47:03.021 T:14128   ERROR: C:\Users\szejk\AppData\Roaming\Kodi\addons\script.module.urllib3\lib\urllib3\connectionpool.py:858: InsecureRequestWarning: Unverified HTTPS request is being made. Adding certificate verification is strongly advised. See: https://urllib3.readthedocs.io/en/latest/advanced-usage.html#ssl-warnings
                                              InsecureRequestWarning)
15:47:09.251 T:11660   ERROR: CCurlFile::FillBuffer - Failed: Timeout was reached(28)
15:47:09.252 T:11660   ERROR: CCurlFile::Open failed with code 0 for http://127.0.0.1:8089/api/version.html
15:47:20.602 T:596   ERROR: CFFmpegImage::ExtractFrame: Could not decode a frame
15:47:49.250 T:11660   ERROR: Previous line repeats 3 times.
15:47:49.250 T:11660   ERROR: CCurlFile::FillBuffer - Failed: Timeout was reached(28)
15:47:49.250 T:11660   ERROR: CCurlFile::Open failed with code 0 for http://127.0.0.1:8089/api/version.html
15:47:57.410 T:10472   ERROR: CFFmpegImage::ExtractFrame: Could not decode a frame
15:48:29.249 T:11660   ERROR: Previous line repeats 1 times.
15:48:29.249 T:11660   ERROR: CCurlFile::FillBuffer - Failed: Timeout was reached(28)
15:48:29.249 T:11660   ERROR: CCurlFile::Open failed with code 0 for http://127.0.0.1:8089/api/version.html
15:49:06.730 T:12680   ERROR: EXCEPTION: Non-Existent Control 111
15:49:06.880 T:12884   ERROR: XFILE::CDirectory::GetDirectory - Error getting C:\Users\szejk\AppData\Roaming\Kodi\userdata\library\video
15:49:06.890 T:12884   ERROR: XFILE::CDirectory::GetDirectory - Error getting C:\Users\szejk\AppData\Roaming\Kodi\userdata\library\music
15:49:09.256 T:11660   ERROR: CCurlFile::FillBuffer - Failed: Timeout was reached(28)
15:49:09.256 T:11660   ERROR: CCurlFile::Open failed with code 0 for http://127.0.0.1:8089/api/version.html
15:49:11.715 T:7632   ERROR: EXCEPTION: Non-Existent Control 111
15:49:11.869 T:1600   ERROR: XFILE::CDirectory::GetDirectory - Error getting C:\Users\szejk\AppData\Roaming\Kodi\userdata\library\video
15:49:11.902 T:1600   ERROR: XFILE::CDirectory::GetDirectory - Error getting C:\Users\szejk\AppData\Roaming\Kodi\userdata\library\music
15:49:41.483 T:8512   ERROR: Control 3 in window 13003 has been asked to focus, but it can't
15:49:45.222 T:8512   ERROR: Control 3 in window 13004 has been asked to focus, but it can't
15:49:49.165 T:2000   ERROR: AddOnLog: PVR IPTV Simple Client: Unable parse EPG XML: expected <
15:49:49.276 T:11660   ERROR: CCurlFile::FillBuffer - Failed: Timeout was reached(28)
15:49:49.276 T:11660   ERROR: CCurlFile::Open failed with code 0 for http://127.0.0.1:8089/api/version.html
15:50:29.282 T:11660   ERROR: CCurlFile::FillBuffer - Failed: Timeout was reached(28)
15:50:29.282 T:11660   ERROR: CCurlFile::Open failed with code 0 for http://127.0.0.1:8089/api/version.html
15:50:43.703 T:8512   ERROR: Control 3 in window 13003 has been asked to focus, but it can't
15:50:43.936 T:13636   ERROR: CFFmpegImage::ExtractFrame: Could not decode a frame
15:51:05.691 T:13932   ERROR: Previous line repeats 2 times.
15:51:05.691 T:13932  NOTICE: ResolveURL: Initializing ResolveURL version: 6.3.4
15:51:07.027 T:8512   ERROR: Control 3 in window 13003 has been asked to focus, but it can't
15:51:07.189 T:10004   ERROR: CImageLoader::DoWork - Direct texture file loading failed for DefaultFolder.png
15:51:09.290 T:11660   ERROR: CCurlFile::FillBuffer - Failed: Timeout was reached(28)
15:51:09.290 T:11660   ERROR: CCurlFile::Open failed with code 0 for http://127.0.0.1:8089/api/version.html
15:51:49.305 T:11660   ERROR: CCurlFile::FillBuffer - Failed: Timeout was reached(28)
15:51:49.305 T:11660   ERROR: CCurlFile::Open failed with code 0 for http://127.0.0.1:8089/api/version.html
15:52:29.311 T:11660   ERROR: CCurlFile::FillBuffer - Failed: Timeout was reached(28)
15:52:29.311 T:11660   ERROR: CCurlFile::Open failed with code 0 for http://127.0.0.1:8089/api/version.html
15:53:09.317 T:11660   ERROR: CCurlFile::FillBuffer - Failed: Timeout was reached(28)
15:53:09.317 T:11660   ERROR: CCurlFile::Open failed with code 0 for http://127.0.0.1:8089/api/version.html
15:53:49.336 T:11660   ERROR: CCurlFile::FillBuffer - Failed: Timeout was reached(28)
15:53:49.336 T:11660   ERROR: CCurlFile::Open failed with code 0 for http://127.0.0.1:8089/api/version.html
15:53:59.450 T:13212  NOTICE: script.tv.show.next.aired: ### no prior data found
15:54:01.451 T:13212  NOTICE: script.tv.show.next.aired: ### starting data update
15:54:01.451 T:13212  NOTICE: script.tv.show.next.aired: ### grabbing a new country mapping list
15:54:29.342 T:11660   ERROR: CCurlFile::FillBuffer - Failed: Timeout was reached(28)
15:54:29.342 T:11660   ERROR: CCurlFile::Open failed with code 0 for http://127.0.0.1:8089/api/version.html
15:54:32.712 T:12376   ERROR: CImageLoader::DoWork - Direct texture file loading failed for DefaultFolder.png
15:54:38.556 T:11900   ERROR: Previous line repeats 5 times.
15:54:38.556 T:11900  NOTICE: ResolveURL: Initializing ResolveURL version: 6.3.4
15:54:38.927 T:11900   ERROR: C:\Users\szejk\AppData\Roaming\Kodi\addons\script.module.urllib3\lib\urllib3\connectionpool.py:858: InsecureRequestWarning: Unverified HTTPS request is being made. Adding certificate verification is strongly advised. See: https://urllib3.readthedocs.io/en/latest/advanced-usage.html#ssl-warnings
                                              InsecureRequestWarning)
15:54:39.439 T:8512   ERROR: Control 3 in window 13003 has been asked to focus, but it can't
15:54:51.544 T:2000   ERROR: Previous line repeats 1 times.
15:54:51.544 T:2000   ERROR: AddOnLog: PVR IPTV Simple Client: Unable parse EPG XML: expected <
15:54:52.027 T:8512   ERROR: Control 3 in window 13004 has been asked to focus, but it can't
15:54:55.092 T:8512   ERROR: Control 3 in window 13003 has been asked to focus, but it can't
15:54:55.311 T:12376   ERROR: CFFmpegImage::ExtractFrame: Could not decode a frame
15:55:01.547 T:7752  NOTICE: ResolveURL: Initializing ResolveURL version: 6.3.4
15:55:02.823 T:8512   ERROR: Control 3 in window 13003 has been asked to focus, but it can't
15:55:02.987 T:2976   ERROR: CImageLoader::DoWork - Direct texture file loading failed for DefaultFolder.png
15:55:08.040 T:13416   ERROR: Previous line repeats 6 times.
15:55:08.040 T:13416  NOTICE: ResolveURL: Initializing ResolveURL version: 6.3.4
15:55:08.696 T:13416   ERROR: C:\Users\szejk\AppData\Roaming\Kodi\addons\script.module.urllib3\lib\urllib3\connectionpool.py:858: InsecureRequestWarning: Unverified HTTPS request is being made. Adding certificate verification is strongly advised. See: https://urllib3.readthedocs.io/en/latest/advanced-usage.html#ssl-warnings
                                              InsecureRequestWarning)
15:55:09.207 T:8512   ERROR: Control 3 in window 13003 has been asked to focus, but it can't
15:55:09.345 T:11660   ERROR: CCurlFile::FillBuffer - Failed: Timeout was reached(28)
15:55:09.345 T:11660   ERROR: CCurlFile::Open failed with code 0 for http://127.0.0.1:8089/api/version.html
15:55:44.847 T:7632   ERROR: EXCEPTION: Non-Existent Control 111
15:55:49.350 T:11660   ERROR: CCurlFile::FillBuffer - Failed: Timeout was reached(28)
15:55:49.351 T:11660   ERROR: CCurlFile::Open failed with code 0 for http://127.0.0.1:8089/api/version.html
15:55:58.830 T:8512   ERROR: Control 3 in window 13004 has been asked to focus, but it can't
15:56:03.405 T:8512   ERROR: Control 3 in window 13005 has been asked to focus, but it can't
15:56:05.823 T:8512   ERROR: Control 3 in window 13004 has been asked to focus, but it can't
15:56:06.030 T:13696   ERROR: CFFmpegImage::ExtractFrame: Could not decode a frame
15:56:10.175 T:11576   ERROR: Previous line repeats 1 times.
15:56:10.175 T:11576  NOTICE: ResolveURL: Initializing ResolveURL version: 6.3.4
15:56:10.445 T:8512   ERROR: Control 3 in window 13004 has been asked to focus, but it can't
15:56:10.524 T:13696   ERROR: CFFmpegImage::ExtractFrame: Could not decode a frame
15:56:20.996 T:12012   ERROR: Previous line repeats 2 times.
15:56:20.996 T:12012  NOTICE: ResolveURL: Initializing ResolveURL version: 6.3.4
15:56:22.834 T:8512   ERROR: Control 3 in window 13004 has been asked to focus, but it can't
15:56:29.357 T:11660   ERROR: Previous line repeats 1 times.
15:56:29.358 T:11660   ERROR: CCurlFile::FillBuffer - Failed: Timeout was reached(28)
15:56:29.358 T:11660   ERROR: CCurlFile::Open failed with code 0 for http://127.0.0.1:8089/api/version.html
15:57:02.024 T:8512   ERROR: Control 3 in window 13004 has been asked to focus, but it can't
15:57:05.310 T:8512   ERROR: Control 3 in window 13005 has been asked to focus, but it can't
15:57:07.624 T:8512   ERROR: Control 3 in window 13004 has been asked to focus, but it can't
15:57:07.830 T:14968   ERROR: CFFmpegImage::ExtractFrame: Could not decode a frame
15:57:09.361 T:11660   ERROR: Previous line repeats 1 times.
15:57:09.361 T:11660   ERROR: CCurlFile::FillBuffer - Failed: Timeout was reached(28)
15:57:09.361 T:11660   ERROR: CCurlFile::Open failed with code 0 for http://127.0.0.1:8089/api/version.html
15:57:19.834 T:972   ERROR: CFFmpegImage::ExtractFrame: Could not decode a frame
15:57:23.607 T:15272  NOTICE: ResolveURL: Initializing ResolveURL version: 6.3.4
15:57:23.906 T:8512   ERROR: Control 3 in window 13004 has been asked to focus, but it can't
15:57:36.976 T:8208  NOTICE: ResolveURL: Initializing ResolveURL version: 6.3.4
15:57:38.092 T:8512   ERROR: Control 3 in window 13004 has been asked to focus, but it can't
15:57:49.368 T:11660   ERROR: CCurlFile::FillBuffer - Failed: Timeout was reached(28)
15:57:49.368 T:11660   ERROR: CCurlFile::Open failed with code 0 for http://127.0.0.1:8089/api/version.html
15:58:29.382 T:11660   ERROR: CCurlFile::FillBuffer - Failed: Timeout was reached(28)
15:58:29.382 T:11660   ERROR: CCurlFile::Open failed with code 0 for http://127.0.0.1:8089/api/version.html
15:58:45.562 T:8512   ERROR: Control 3 in window 13003 has been asked to focus, but it can't
15:58:48.892 T:8512   ERROR: Control 3 in window 13004 has been asked to focus, but it can't
15:58:50.635 T:8512   ERROR: Control 3 in window 13003 has been asked to focus, but it can't
15:58:50.768 T:4236   ERROR: CFFmpegImage::ExtractFrame: Could not decode a frame
15:59:05.992 T:13680  NOTICE: ResolveURL: Initializing ResolveURL version: 6.3.4
15:59:06.390 T:8512   ERROR: Control 3 in window 13003 has been asked to focus, but it can't
15:59:06.552 T:14672   ERROR: CImageLoader::DoWork - Direct texture file loading failed for DefaultFolder.png
15:59:09.384 T:11660   ERROR: Previous line repeats 5 times.
15:59:09.384 T:11660   ERROR: CCurlFile::FillBuffer - Failed: Timeout was reached(28)
15:59:09.385 T:11660   ERROR: CCurlFile::Open failed with code 0 for http://127.0.0.1:8089/api/version.html
15:59:09.532 T:13484   ERROR: CImageLoader::DoWork - Direct texture file loading failed for DefaultFolder.png
15:59:21.592 T:8512   ERROR: Previous line repeats 4 times.
15:59:21.592 T:8512   ERROR: Control 3 in window 13003 has been asked to focus, but it can't
15:59:24.856 T:8512   ERROR: Control 3 in window 13004 has been asked to focus, but it can't
15:59:28.289 T:8512   ERROR: Control 3 in window 13003 has been asked to focus, but it can't
15:59:28.512 T:13484   ERROR: CFFmpegImage::ExtractFrame: Could not decode a frame
15:59:33.015 T:13524   ERROR: Previous line repeats 1 times.
15:59:33.015 T:13524  NOTICE: ResolveURL: Initializing ResolveURL version: 6.3.4
15:59:33.545 T:8512   ERROR: Control 3 in window 13003 has been asked to focus, but it can't
15:59:33.655 T:4236   ERROR: CImageLoader::DoWork - Direct texture file loading failed for DefaultFolder.png
15:59:37.312 T:11116   ERROR: Previous line repeats 1 times.
15:59:37.312 T:11116  NOTICE: ResolveURL: Initializing ResolveURL version: 6.3.4
15:59:37.736 T:11116   ERROR: C:\Users\szejk\AppData\Roaming\Kodi\addons\script.module.urllib3\lib\urllib3\connectionpool.py:858: InsecureRequestWarning: Unverified HTTPS request is being made. Adding certificate verification is strongly advised. See: https://urllib3.readthedocs.io/en/latest/advanced-usage.html#ssl-warnings
                                              InsecureRequestWarning)
15:59:39.749 T:8512   ERROR: Control 3 in window 13003 has been asked to focus, but it can't
15:59:49.391 T:11660   ERROR: CCurlFile::FillBuffer - Failed: Timeout was reached(28)
15:59:49.391 T:11660   ERROR: CCurlFile::Open failed with code 0 for http://127.0.0.1:8089/api/version.html
15:59:52.756 T:2000   ERROR: AddOnLog: PVR IPTV Simple Client: Unable parse EPG XML: expected <
16:00:03.890 T:7632   ERROR: EXCEPTION: Non-Existent Control 111
16:00:29.400 T:11660   ERROR: CCurlFile::FillBuffer - Failed: Timeout was reached(28)
16:00:29.400 T:11660   ERROR: CCurlFile::Open failed with code 0 for http://127.0.0.1:8089/api/version.html
16:00:39.354 T:8512   ERROR: Control 3 in window 13004 has been asked to focus, but it can't
16:00:43.480 T:8512   ERROR: Control 3 in window 13005 has been asked to focus, but it can't
16:00:46.629 T:8512   ERROR: Control 3 in window 13004 has been asked to focus, but it can't
16:00:46.848 T:9176   ERROR: CFFmpegImage::ExtractFrame: Could not decode a frame
16:00:56.201 T:8512   ERROR: Previous line repeats 1 times.
16:00:56.201 T:8512   ERROR: Control 3 in window 13004 has been asked to focus, but it can't
16:00:56.328 T:9176   ERROR: CImageLoader::DoWork - Direct texture file loading failed for DefaultFolder.png
16:01:03.897 T:8512   ERROR: Control 3 in window 13004 has been asked to focus, but it can't
16:01:07.911 T:8512   ERROR: Control 3 in window 13005 has been asked to focus, but it can't
16:01:09.414 T:11660   ERROR: CCurlFile::FillBuffer - Failed: Timeout was reached(28)
16:01:09.414 T:11660   ERROR: CCurlFile::Open failed with code 0 for http://127.0.0.1:8089/api/version.html
16:01:11.629 T:8512   ERROR: Control 3 in window 13004 has been asked to focus, but it can't
16:01:11.758 T:9176   ERROR: CFFmpegImage::ExtractFrame: Could not decode a frame
16:01:16.800 T:8512   ERROR: Control 3 in window 13004 has been asked to focus, but it can't
16:01:16.868 T:9176   ERROR: CImageLoader::DoWork - Direct texture file loading failed for DefaultFolder.png
16:01:22.827 T:8512   ERROR: Control 3 in window 13004 has been asked to focus, but it can't
16:01:27.827 T:8512   ERROR: Control 3 in window 13005 has been asked to focus, but it can't
16:01:29.395 T:8512   ERROR: Control 3 in window 13004 has been asked to focus, but it can't
16:01:29.521 T:14348   ERROR: CFFmpegImage::ExtractFrame: Could not decode a frame
16:01:37.067 T:8512   ERROR: Control 3 in window 13004 has been asked to focus, but it can't
16:01:37.230 T:7688   ERROR: CImageLoader::DoWork - Direct texture file loading failed for DefaultFolder.png
16:01:49.021 T:8512   ERROR: Control 3 in window 13004 has been asked to focus, but it can't
16:01:49.421 T:11660   ERROR: CCurlFile::FillBuffer - Failed: Timeout was reached(28)
16:01:49.421 T:11660   ERROR: CCurlFile::Open failed with code 0 for http://127.0.0.1:8089/api/version.html
16:01:51.910 T:8512   ERROR: Control 3 in window 13005 has been asked to focus, but it can't
16:01:56.161 T:8512   ERROR: Control 3 in window 13004 has been asked to focus, but it can't
16:01:56.363 T:9176   ERROR: CFFmpegImage::ExtractFrame: Could not decode a frame
16:02:02.649 T:12300  NOTICE: ResolveURL: Initializing ResolveURL version: 6.3.4
16:02:03.071 T:8512   ERROR: Control 3 in window 13004 has been asked to focus, but it can't
16:02:03.308 T:7688   ERROR: CImageLoader::DoWork - Direct texture file loading failed for DefaultFolder.png
16:02:10.611 T:8512   ERROR: Control 3 in window 13004 has been asked to focus, but it can't
16:02:15.116 T:8512   ERROR: Control 3 in window 13005 has been asked to focus, but it can't
16:02:17.552 T:8512   ERROR: Control 3 in window 13004 has been asked to focus, but it can't
16:02:17.759 T:14348   ERROR: CFFmpegImage::ExtractFrame: Could not decode a frame
16:02:22.958 T:8512   ERROR: Control 3 in window 13004 has been asked to focus, but it can't
16:02:23.098 T:12700   ERROR: CImageLoader::DoWork - Direct texture file loading failed for DefaultFolder.png
16:02:29.423 T:11660   ERROR: CCurlFile::FillBuffer - Failed: Timeout was reached(28)
16:02:29.423 T:11660   ERROR: CCurlFile::Open failed with code 0 for http://127.0.0.1:8089/api/version.html
16:02:31.863 T:8512   ERROR: Control 3 in window 13004 has been asked to focus, but it can't
16:02:35.575 T:8512   ERROR: Control 3 in window 13005 has been asked to focus, but it can't
16:02:39.025 T:8512   ERROR: Control 3 in window 13004 has been asked to focus, but it can't
16:02:39.148 T:12700   ERROR: CFFmpegImage::ExtractFrame: Could not decode a frame
16:02:43.353 T:1624  NOTICE: ResolveURL: Initializing ResolveURL version: 6.3.4
16:02:44.648 T:8512   ERROR: Control 3 in window 13004 has been asked to focus, but it can't
16:02:44.868 T:14348   ERROR: CImageLoader::DoWork - Direct texture file loading failed for DefaultFolder.png
16:03:08.251 T:3280   ERROR: EXCEPTION: Non-Existent Control 111
16:03:08.425 T:6296   ERROR: XFILE::CDirectory::GetDirectory - Error getting C:\Users\szejk\AppData\Roaming\Kodi\userdata\library\video
16:03:08.437 T:6296   ERROR: XFILE::CDirectory::GetDirectory - Error getting C:\Users\szejk\AppData\Roaming\Kodi\userdata\library\music
16:03:09.430 T:11660   ERROR: CCurlFile::FillBuffer - Failed: Timeout was reached(28)
16:03:09.430 T:11660   ERROR: CCurlFile::Open failed with code 0 for http://127.0.0.1:8089/api/version.html
16:03:41.416 T:8512   ERROR: Control 3 in window 13003 has been asked to focus, but it can't
16:03:44.347 T:8512   ERROR: Control 3 in window 13004 has been asked to focus, but it can't
16:03:47.248 T:8512   ERROR: Control 3 in window 13003 has been asked to focus, but it can't
16:03:47.470 T:9192   ERROR: CFFmpegImage::ExtractFrame: Could not decode a frame
16:03:49.435 T:11660   ERROR: Previous line repeats 1 times.
16:03:49.435 T:11660   ERROR: CCurlFile::FillBuffer - Failed: Timeout was reached(28)
16:03:49.435 T:11660   ERROR: CCurlFile::Open failed with code 0 for http://127.0.0.1:8089/api/version.html
16:03:54.347 T:9192   ERROR: CFFmpegImage::ExtractFrame: Could not decode a frame
16:03:58.708 T:6668   ERROR: Previous line repeats 1 times.
16:03:58.708 T:6668  NOTICE: ResolveURL: Initializing ResolveURL version: 6.3.4
16:03:59.351 T:8512   ERROR: Control 3 in window 13003 has been asked to focus, but it can't
16:04:17.893 T:8512   ERROR: Previous line repeats 1 times.
16:04:17.893 T:8512   ERROR: Control 3 in window 13004 has been asked to focus, but it can't
16:04:19.531 T:8512   ERROR: Control 3 in window 13003 has been asked to focus, but it can't
16:04:19.674 T:6288   ERROR: CFFmpegImage::ExtractFrame: Could not decode a frame
16:04:24.433 T:8728   ERROR: Previous line repeats 2 times.
16:04:24.433 T:8728  NOTICE: ResolveURL: Initializing ResolveURL version: 6.3.4
16:04:24.789 T:8512   ERROR: Control 3 in window 13003 has been asked to focus, but it can't
16:04:29.441 T:11660   ERROR: CCurlFile::FillBuffer - Failed: Timeout was reached(28)
16:04:29.441 T:11660   ERROR: CCurlFile::Open failed with code 0 for http://127.0.0.1:8089/api/version.html
16:04:30.081 T:14452  NOTICE: ResolveURL: Initializing ResolveURL version: 6.3.4
16:04:30.865 T:8512   ERROR: Control 3 in window 13003 has been asked to focus, but it can't
16:04:54.086 T:2000   ERROR: AddOnLog: PVR IPTV Simple Client: Unable parse EPG XML: expected <
16:05:09.445 T:11660   ERROR: CCurlFile::FillBuffer - Failed: Timeout was reached(28)
16:05:09.445 T:11660   ERROR: CCurlFile::Open failed with code 0 for http://127.0.0.1:8089/api/version.html
16:05:35.781 T:8512   ERROR: Control 3 in window 13003 has been asked to focus, but it can't
16:05:40.500 T:8512   ERROR: Control 3 in window 13004 has been asked to focus, but it can't
16:05:43.181 T:8512   ERROR: Control 3 in window 13003 has been asked to focus, but it can't
16:05:43.396 T:1912   ERROR: CFFmpegImage::ExtractFrame: Could not decode a frame
16:05:49.451 T:11660   ERROR: Previous line repeats 1 times.
16:05:49.451 T:11660   ERROR: CCurlFile::FillBuffer - Failed: Timeout was reached(28)
16:05:49.451 T:11660   ERROR: CCurlFile::Open failed with code 0 for http://127.0.0.1:8089/api/version.html
16:06:11.899 T:8512   ERROR: Control 3 in window 13003 has been asked to focus, but it can't
16:06:24.355 T:8512   ERROR: Previous line repeats 1 times.
16:06:24.355 T:8512   ERROR: Control 3 in window 13004 has been asked to focus, but it can't
16:06:26.656 T:8512   ERROR: Control 3 in window 13003 has been asked to focus, but it can't
16:06:26.866 T:5656   ERROR: CFFmpegImage::ExtractFrame: Could not decode a frame
16:06:29.457 T:11660   ERROR: CCurlFile::FillBuffer - Failed: Timeout was reached(28)
16:06:29.457 T:11660   ERROR: CCurlFile::Open failed with code 0 for http://127.0.0.1:8089/api/version.html
16:06:53.604 T:8512   ERROR: Control 3 in window 13003 has been asked to focus, but it can't
16:07:09.464 T:11660   ERROR: CCurlFile::FillBuffer - Failed: Timeout was reached(28)
16:07:09.464 T:11660   ERROR: CCurlFile::Open failed with code 0 for http://127.0.0.1:8089/api/version.html
16:07:41.542 T:8244  NOTICE: ResolveURL: Initializing ResolveURL version: 6.3.4
16:07:43.252 T:8244   ERROR: C:\Users\szejk\AppData\Roaming\Kodi\addons\script.module.urllib3\lib\urllib3\connectionpool.py:858: InsecureRequestWarning: Unverified HTTPS request is being made. Adding certificate verification is strongly advised. See: https://urllib3.readthedocs.io/en/latest/advanced-usage.html#ssl-warnings
                                              InsecureRequestWarning)
16:07:43.537 T:14844 WARNING: [FanFilm] Object Not Found : 404
16:07:46.457 T:8792 WARNING: Previous line repeats 2 times.
16:07:46.457 T:8792  NOTICE: metahandler: Initializing MetaHandlers version: 3.0.2
16:07:46.496 T:8792  NOTICE: metahandler: Loading sqlite3 as DB engine version: 3.10.2
16:07:48.322 T:14536  NOTICE: ResolveURL: Initializing ResolveURL version: 6.3.4
16:07:48.842 T:8792   ERROR: metahandler: Error connecting to TMDB: HTTP Error 403: Forbidden
16:07:48.844 T:8792  NOTICE: metahandler: No SQLite rows requiring update
16:07:49.471 T:11660   ERROR: CCurlFile::FillBuffer - Failed: Timeout was reached(28)
16:07:49.471 T:11660   ERROR: CCurlFile::Open failed with code 0 for http://127.0.0.1:8089/api/version.html
16:07:53.660 T:8808  NOTICE: metahandler: Initializing MetaHandlers version: 3.0.2
16:07:53.719 T:8808  NOTICE: metahandler: Loading sqlite3 as DB engine version: 3.10.2
16:07:54.136 T:8808   ERROR: metahandler: Error connecting to TMDB: HTTP Error 403: Forbidden
16:07:54.139 T:8808  NOTICE: metahandler: No SQLite rows requiring update
16:07:56.641 T:11656  NOTICE: ResolveURL: Initializing ResolveURL version: 6.3.4
16:07:57.108 T:11656   ERROR: C:\Users\szejk\AppData\Roaming\Kodi\addons\script.module.urllib3\lib\urllib3\connectionpool.py:858: InsecureRequestWarning: Unverified HTTPS request is being made. Adding certificate verification is strongly advised. See: https://urllib3.readthedocs.io/en/latest/advanced-usage.html#ssl-warnings
                                              InsecureRequestWarning)
16:08:29.475 T:11660   ERROR: CCurlFile::FillBuffer - Failed: Timeout was reached(28)
16:08:29.475 T:11660   ERROR: CCurlFile::Open failed with code 0 for http://127.0.0.1:8089/api/version.html
16:09:09.493 T:11660   ERROR: CCurlFile::FillBuffer - Failed: Timeout was reached(28)
16:09:09.493 T:11660   ERROR: CCurlFile::Open failed with code 0 for http://127.0.0.1:8089/api/version.html
16:09:49.508 T:11660   ERROR: CCurlFile::FillBuffer - Failed: Timeout was reached(28)
16:09:49.508 T:11660   ERROR: CCurlFile::Open failed with code 0 for http://127.0.0.1:8089/api/version.html
16:09:55.245 T:2000   ERROR: AddOnLog: PVR IPTV Simple Client: Unable parse EPG XML: expected <
16:10:29.514 T:11660   ERROR: CCurlFile::FillBuffer - Failed: Timeout was reached(28)
16:10:29.514 T:11660   ERROR: CCurlFile::Open failed with code 0 for http://127.0.0.1:8089/api/version.html
16:10:38.107 T:8512   ERROR: XFILE::CDirectory::GetDirectory - Error getting C:\Users\szejk\AppData\Roaming\Kodi\media\Fonts\
16:10:38.107 T:8512   ERROR: XFILE::CDirectory::GetDirectory - Error getting special://home/media/Fonts/
16:10:38.142 T:8512   ERROR: XFILE::CDirectory::GetDirectory - Error getting C:\Users\szejk\AppData\Roaming\Kodi\media\Fonts\
16:10:38.142 T:8512   ERROR: XFILE::CDirectory::GetDirectory - Error getting special://home/media/Fonts/
16:11:09.520 T:11660   ERROR: CCurlFile::FillBuffer - Failed: Timeout was reached(28)
16:11:09.520 T:11660   ERROR: CCurlFile::Open failed with code 0 for http://127.0.0.1:8089/api/version.html
16:11:23.877 T:8512   ERROR: XFILE::CDirectory::GetDirectory - Error getting return
16:11:23.877 T:8512   ERROR: CGUIMediaWindow::GetDirectory(return) failed
16:11:34.147 T:9028   ERROR: AddOnLog: VDR VNSI Client: cVNSISession::TransmitMessage - Failed to write packet (Unknown error), bytes written: -1 of total: 16
16:11:34.147 T:9028   ERROR: AddOnLog: VDR VNSI Client: cVNSIData::GetDriveSpace - Can't get response packed
16:11:34.147 T:9028   ERROR: AddOnLog: VDR VNSI Client: cVNSIData::GetChannelsCount - Can't get response packed
16:11:34.147 T:9028   ERROR: AddOnLog: VDR VNSI Client: cVNSIData::GetTimersCount - Can't get response packed
16:11:34.148 T:9028   ERROR: AddOnLog: VDR VNSI Client: cVNSIData::GetRecordingsCount - Can't get response packed
16:11:43.150 T:9028   ERROR: AddOnLog: VDR VNSI Client: cVNSIData::GetDriveSpace - Can't get response packed
16:11:43.150 T:9028   ERROR: AddOnLog: VDR VNSI Client: cVNSIData::GetChannelsCount - Can't get response packed
16:11:43.150 T:9028   ERROR: AddOnLog: VDR VNSI Client: cVNSIData::GetTimersCount - Can't get response packed
16:11:43.150 T:9028   ERROR: AddOnLog: VDR VNSI Client: cVNSIData::GetRecordingsCount - Can't get response packed
16:11:49.528 T:11660   ERROR: CCurlFile::FillBuffer - Failed: Timeout was reached(28)
16:11:49.528 T:11660   ERROR: CCurlFile::Open failed with code 0 for http://127.0.0.1:8089/api/version.html
16:12:29.534 T:11660   ERROR: CCurlFile::FillBuffer - Failed: Timeout was reached(28)
16:12:29.535 T:11660   ERROR: CCurlFile::Open failed with code 0 for http://127.0.0.1:8089/api/version.html
16:12:54.417 T:8512   ERROR: XFILE::CDirectory::GetDirectory - Error getting return
16:12:54.418 T:8512   ERROR: CGUIMediaWindow::GetDirectory(return) failed
16:13:09.542 T:11660   ERROR: CCurlFile::FillBuffer - Failed: Timeout was reached(28)
16:13:09.542 T:11660   ERROR: CCurlFile::Open failed with code 0 for http://127.0.0.1:8089/api/version.html
16:13:20.544 T:8512   ERROR: XFILE::CDirectory::GetDirectory - Error getting return
16:13:20.544 T:8512   ERROR: CGUIMediaWindow::GetDirectory(return) failed
16:13:46.605 T:8512   ERROR: XFILE::CDirectory::GetDirectory - Error getting return
16:13:46.605 T:8512   ERROR: CGUIMediaWindow::GetDirectory(return) failed
16:13:49.547 T:11660   ERROR: CCurlFile::FillBuffer - Failed: Timeout was reached(28)
16:13:49.547 T:11660   ERROR: CCurlFile::Open failed with code 0 for http://127.0.0.1:8089/api/version.html
16:13:56.683 T:8512   ERROR: XFILE::CDirectory::GetDirectory - Error getting return
16:13:56.683 T:8512   ERROR: CGUIMediaWindow::GetDirectory(return) failed
16:14:02.828 T:13212  NOTICE: script.tv.show.next.aired: ### no prior data found
16:14:04.839 T:13212  NOTICE: script.tv.show.next.aired: ### starting data update
16:14:04.839 T:13212  NOTICE: script.tv.show.next.aired: ### grabbing a new country mapping list
16:14:14.904 T:13168   ERROR: CAddonInstallJob[plugin.video.musictv]: Zależności od script.module.liveresolver w wersji 0.0.0 nie mogą zostać spełnione.
16:14:28.805 T:8512   ERROR: Previous line repeats 1 times.
16:14:28.806 T:8512   ERROR: XFILE::CDirectory::GetDirectory - Error getting return
16:14:28.806 T:8512   ERROR: CGUIMediaWindow::GetDirectory(return) failed
16:14:29.552 T:11660   ERROR: CCurlFile::FillBuffer - Failed: Timeout was reached(28)
16:14:29.552 T:11660   ERROR: CCurlFile::Open failed with code 0 for http://127.0.0.1:8089/api/version.html
16:14:56.988 T:2000   ERROR: AddOnLog: PVR IPTV Simple Client: Unable parse EPG XML: expected <
16:15:09.556 T:11660   ERROR: CCurlFile::FillBuffer - Failed: Timeout was reached(28)
16:15:09.556 T:11660   ERROR: CCurlFile::Open failed with code 0 for http://127.0.0.1:8089/api/version.html
16:15:49.556 T:11660   ERROR: CCurlFile::FillBuffer - Failed: Timeout was reached(28)
16:15:49.556 T:11660   ERROR: CCurlFile::Open failed with code 0 for http://127.0.0.1:8089/api/version.html
16:16:29.562 T:11660   ERROR: CCurlFile::FillBuffer - Failed: Timeout was reached(28)
16:16:29.562 T:11660   ERROR: CCurlFile::Open failed with code 0 for http://127.0.0.1:8089/api/version.html
16:16:38.254 T:9152   ERROR: EXCEPTION: Non-Existent Control 111
16:16:38.400 T:14156   ERROR: XFILE::CDirectory::GetDirectory - Error getting C:\Users\szejk\AppData\Roaming\Kodi\userdata\library\video
16:16:38.433 T:14156   ERROR: XFILE::CDirectory::GetDirectory - Error getting C:\Users\szejk\AppData\Roaming\Kodi\userdata\library\music
16:16:44.442 T:8512   ERROR: Control 3 in window 13003 has been asked to focus, but it can't
16:16:49.013 T:8512   ERROR: Control 3 in window 13004 has been asked to focus, but it can't
16:16:51.417 T:8512   ERROR: Control 3 in window 13003 has been asked to focus, but it can't
16:16:59.240 T:9152   ERROR: XFILE::CDirectory::GetDirectory - Error getting plugin://plugin.audio.cherrymusic/
16:16:59.269 T:8512   ERROR: Control 3 in window 13003 has been asked to focus, but it can't
16:17:08.661 T:8512   ERROR: Previous line repeats 1 times.
16:17:08.661 T:8512   ERROR: Control 3 in window 13004 has been asked to focus, but it can't
16:17:09.560 T:11660   ERROR: CCurlFile::FillBuffer - Failed: Timeout was reached(28)
16:17:09.560 T:11660   ERROR: CCurlFile::Open failed with code 0 for http://127.0.0.1:8089/api/version.html
16:17:11.726 T:8512   ERROR: Control 3 in window 13003 has been asked to focus, but it can't
16:17:22.734 T:8512   ERROR: Previous line repeats 2 times.
16:17:22.735 T:8512   ERROR: Control 3 in window 13004 has been asked to focus, but it can't
16:17:26.564 T:8512   ERROR: Control 3 in window 13003 has been asked to focus, but it can't
16:17:37.866 T:7188   ERROR: Previous line repeats 2 times.
16:17:37.866 T:7188   ERROR: EXCEPTION Thrown (PythonToCppException) : -->Python callback/script returned the following error<--
                                             - NOTE: IGNORING THIS CAN LEAD TO MEMORY LEAKS!
                                            Error Type: <class 'pylast.WSError'>
                                            Error Contents: Authentication Failed - You do not have permissions to access the service
                                            Traceback (most recent call last):
                                              File "C:\Users\szejk\AppData\Roaming\Kodi\addons\plugin.audio.lastfmtube\default.py", line 350, in <module>
                                                elif mode == 3: LastFMTube().getTopTracks(user, pwd)
                                              File "C:\Users\szejk\AppData\Roaming\Kodi\addons\plugin.audio.lastfmtube\default.py", line 250, in getTopTracks
                                                network = pylast.LastFMNetwork(api_key=API_KEY, api_secret=API_SECRET, username=user, password_hash=pwd)
                                              File "C:\Users\szejk\AppData\Roaming\Kodi\addons\script.module.pylast\lib\pylast\__init__.py", line 934, in __init__
                                                "user": "user/%(name)s",
                                              File "C:\Users\szejk\AppData\Roaming\Kodi\addons\script.module.pylast\lib\pylast\__init__.py", line 274, in __init__
                                                self.username, self.password_hash)
                                              File "C:\Users\szejk\AppData\Roaming\Kodi\addons\script.module.pylast\lib\pylast\__init__.py", line 1353, in get_session_key
                                                doc = request.execute()
                                              File "C:\Users\szejk\AppData\Roaming\Kodi\addons\script.module.pylast\lib\pylast\__init__.py", line 1233, in execute
                                                response = self._download_response()
                                              File "C:\Users\szejk\AppData\Roaming\Kodi\addons\script.module.pylast\lib\pylast\__init__.py", line 1224, in _download_response
                                                self._check_response_for_errors(response_text)
                                              File "C:\Users\szejk\AppData\Roaming\Kodi\addons\script.module.pylast\lib\pylast\__init__.py", line 1253, in _check_response_for_errors
                                                raise WSError(self.network, status, details)
                                            WSError: Authentication Failed - You do not have permissions to access the service
                                            -->End of Python script error report<--
16:17:38.049 T:9152   ERROR: XFILE::CDirectory::GetDirectory - Error getting plugin://plugin.audio.lastfmtube/?url=&mode=3&name=Top+Tracks&user=Enter+Username&pwd=b3b727345651d80cd3dfef3fb757f075
16:17:38.078 T:8512   ERROR: Control 3 in window 13003 has been asked to focus, but it can't
16:17:49.566 T:11660   ERROR: CCurlFile::FillBuffer - Failed: Timeout was reached(28)
16:17:49.567 T:11660   ERROR: CCurlFile::Open failed with code 0 for http://127.0.0.1:8089/api/version.html
16:18:07.544 T:6052  NOTICE: ResolveURL: Initializing ResolveURL version: 6.3.4
16:18:09.095 T:6052   ERROR: C:\Users\szejk\AppData\Roaming\Kodi\addons\script.module.urllib3\lib\urllib3\connectionpool.py:858: InsecureRequestWarning: Unverified HTTPS request is being made. Adding certificate verification is strongly advised. See: https://urllib3.readthedocs.io/en/latest/advanced-usage.html#ssl-warnings
                                              InsecureRequestWarning)
16:18:09.626 T:4696 WARNING: [FanFilm] Object Not Found : 404
16:18:10.249 T:11728 WARNING: Previous line repeats 2 times.
16:18:10.249 T:11728   ERROR: EXCEPTION Thrown (PythonToCppException) : -->Python callback/script returned the following error<--
                                             - NOTE: IGNORING THIS CAN LEAD TO MEMORY LEAKS!
                                            Error Type: <class 'pylast.WSError'>
                                            Error Contents: Authentication Failed - You do not have permissions to access the service
                                            Traceback (most recent call last):
                                              File "C:\Users\szejk\AppData\Roaming\Kodi\addons\plugin.audio.lastfmtube\default.py", line 350, in <module>
                                                elif mode == 3: LastFMTube().getTopTracks(user, pwd)
                                              File "C:\Users\szejk\AppData\Roaming\Kodi\addons\plugin.audio.lastfmtube\default.py", line 250, in getTopTracks
                                                network = pylast.LastFMNetwork(api_key=API_KEY, api_secret=API_SECRET, username=user, password_hash=pwd)
                                              File "C:\Users\szejk\AppData\Roaming\Kodi\addons\script.module.pylast\lib\pylast\__init__.py", line 934, in __init__
                                                "user": "user/%(name)s",
                                              File "C:\Users\szejk\AppData\Roaming\Kodi\addons\script.module.pylast\lib\pylast\__init__.py", line 274, in __init__
                                                self.username, self.password_hash)
                                              File "C:\Users\szejk\AppData\Roaming\Kodi\addons\script.module.pylast\lib\pylast\__init__.py", line 1353, in get_session_key
                                                doc = request.execute()
                                              File "C:\Users\szejk\AppData\Roaming\Kodi\addons\script.module.pylast\lib\pylast\__init__.py", line 1233, in execute
                                                response = self._download_response()
                                              File "C:\Users\szejk\AppData\Roaming\Kodi\addons\script.module.pylast\lib\pylast\__init__.py", line 1224, in _download_response
                                                self._check_response_for_errors(response_text)
                                              File "C:\Users\szejk\AppData\Roaming\Kodi\addons\script.module.pylast\lib\pylast\__init__.py", line 1253, in _check_response_for_errors
                                                raise WSError(self.network, status, details)
                                            WSError: Authentication Failed - You do not have permissions to access the service
                                            -->End of Python script error report<--
16:18:10.456 T:12112   ERROR: XFILE::CDirectory::GetDirectory - Error getting plugin://plugin.audio.lastfmtube/?url=&mode=3&name=Top+Tracks&user=Enter+Username&pwd=b3b727345651d80cd3dfef3fb757f075&reload=20181209144108
16:18:13.235 T:14708  NOTICE: ResolveURL: Initializing ResolveURL version: 6.3.4
16:18:13.281 T:7516  NOTICE: metahandler: Initializing MetaHandlers version: 3.0.2
16:18:13.319 T:7516  NOTICE: metahandler: Loading sqlite3 as DB engine version: 3.10.2
16:18:13.956 T:7516   ERROR: metahandler: Error connecting to TMDB: HTTP Error 403: Forbidden
16:18:13.967 T:7516  NOTICE: metahandler: No SQLite rows requiring update
16:18:20.650 T:5888  NOTICE: metahandler: Initializing MetaHandlers version: 3.0.2
16:18:20.695 T:5888  NOTICE: metahandler: Loading sqlite3 as DB engine version: 3.10.2
16:18:21.142 T:5888   ERROR: metahandler: Error connecting to TMDB: HTTP Error 403: Forbidden
16:18:21.148 T:5888  NOTICE: metahandler: No SQLite rows requiring update
16:18:21.773 T:1044   ERROR: EXCEPTION: Non-Existent Control 111
16:18:23.420 T:6520   ERROR: XFILE::CDirectory::GetDirectory - Error getting C:\Users\szejk\AppData\Roaming\Kodi\userdata\library\video
16:18:24.221 T:12604  NOTICE: ResolveURL: Initializing ResolveURL version: 6.3.4
16:18:24.404 T:6520   ERROR: XFILE::CDirectory::GetDirectory - Error getting C:\Users\szejk\AppData\Roaming\Kodi\userdata\library\music
16:18:24.711 T:12604   ERROR: C:\Users\szejk\AppData\Roaming\Kodi\addons\script.module.urllib3\lib\urllib3\connectionpool.py:858: InsecureRequestWarning: Unverified HTTPS request is being made. Adding certificate verification is strongly advised. See: https://urllib3.readthedocs.io/en/latest/advanced-usage.html#ssl-warnings
                                              InsecureRequestWarning)
16:18:29.567 T:11660   ERROR: CCurlFile::FillBuffer - Failed: Timeout was reached(28)
16:18:29.567 T:11660   ERROR: CCurlFile::Open failed with code 0 for http://127.0.0.1:8089/api/version.html
16:19:00.338 T:14928  NOTICE: ResolveURL: Initializing ResolveURL version: 6.3.4
16:19:01.765 T:14928   ERROR: C:\Users\szejk\AppData\Roaming\Kodi\addons\script.module.urllib3\lib\urllib3\connectionpool.py:858: InsecureRequestWarning: Unverified HTTPS request is being made. Adding certificate verification is strongly advised. See: https://urllib3.readthedocs.io/en/latest/advanced-usage.html#ssl-warnings
                                              InsecureRequestWarning)
16:19:02.382 T:10964 WARNING: [FanFilm] Object Not Found : 404
16:19:03.110 T:6148 WARNING: Previous line repeats 1 times.
16:19:03.110 T:6148   ERROR: EXCEPTION Thrown (PythonToCppException) : -->Python callback/script returned the following error<--
